Flow report for MIPS-Project-Quartus
Sun Apr 09 14:26:51 2023
Quartus Prime Version 19.1.0 Build 670 09/22/2019 SJ Lite Edition


---------------------
; Table of Contents ;
---------------------
  1. Legal Notice
  2. Flow Summary
  3. Flow Settings
  4. Flow Non-Default Global Settings
  5. Flow Elapsed Time
  6. Flow OS Summary
  7. Flow Log
  8. Flow Messages
  9. Flow Suppressed Messages



----------------
; Legal Notice ;
----------------
Copyright (C) 2019  Intel Corporation. All rights reserved.
Your use of Intel Corporation's design tools, logic functions 
and other software and tools, and any partner logic 
functions, and any output files from any of the foregoing 
(including device programming or simulation files), and any 
associated documentation or information are expressly subject 
to the terms and conditions of the Intel Program License 
Subscription Agreement, the Intel Quartus Prime License Agreement,
the Intel FPGA IP License Agreement, or other applicable license
agreement, including, without limitation, that your use is for
the sole purpose of programming logic devices manufactured by
Intel and sold by Intel or its authorized distributors.  Please
refer to the applicable agreement for further details, at
https://fpgasoftware.intel.com/eula.



+----------------------------------------------------------------------------------+
; Flow Summary                                                                     ;
+------------------------------------+---------------------------------------------+
; Flow Status                        ; Successful - Sun Apr 09 14:26:51 2023       ;
; Quartus Prime Version              ; 19.1.0 Build 670 09/22/2019 SJ Lite Edition ;
; Revision Name                      ; MIPS-Project-Quartus                        ;
; Top-level Entity Name              ; datapath                                    ;
; Family                             ; MAX 10                                      ;
; Device                             ; 10M50DAF484C6GES                            ;
; Timing Models                      ; Preliminary                                 ;
; Total logic elements               ; 2,723 / 49,760 ( 5 % )                      ;
;     Total combinational functions  ; 2,643 / 49,760 ( 5 % )                      ;
;     Dedicated logic registers      ; 1,302 / 49,760 ( 3 % )                      ;
; Total registers                    ; 1302                                        ;
; Total pins                         ; 122 / 360 ( 34 % )                          ;
; Total virtual pins                 ; 0                                           ;
; Total memory bits                  ; 8,192 / 1,677,312 ( < 1 % )                 ;
; Embedded Multiplier 9-bit elements ; 16 / 288 ( 6 % )                            ;
; Total PLLs                         ; 0 / 4 ( 0 % )                               ;
; UFM blocks                         ; 0 / 1 ( 0 % )                               ;
; ADC blocks                         ; 0 / 2 ( 0 % )                               ;
+------------------------------------+---------------------------------------------+


+------------------------------------------+
; Flow Settings                            ;
+-------------------+----------------------+
; Option            ; Setting              ;
+-------------------+----------------------+
; Start date & time ; 04/09/2023 14:26:21  ;
; Main task         ; Compilation          ;
; Revision Name     ; MIPS-Project-Quartus ;
+-------------------+----------------------+


+-------------------------------------------------------------------------------------------------------------------------------------------------------+
; Flow Non-Default Global Settings                                                                                                                      ;
+-------------------------------------+----------------------------------------+----------------------+-------------+-----------------------------------+
; Assignment Name                     ; Value                                  ; Default Value        ; Entity Name ; Section Id                        ;
+-------------------------------------+----------------------------------------+----------------------+-------------+-----------------------------------+
; COMPILER_SIGNATURE_ID               ; 127913726883565.168106478123916        ; --                   ; --          ; --                                ;
; EDA_GENERATE_FUNCTIONAL_NETLIST     ; Off                                    ; --                   ; --          ; eda_board_design_timing           ;
; EDA_GENERATE_FUNCTIONAL_NETLIST     ; Off                                    ; --                   ; --          ; eda_board_design_boundary_scan    ;
; EDA_GENERATE_FUNCTIONAL_NETLIST     ; Off                                    ; --                   ; --          ; eda_board_design_signal_integrity ;
; EDA_GENERATE_FUNCTIONAL_NETLIST     ; Off                                    ; --                   ; --          ; eda_board_design_symbol           ;
; EDA_OUTPUT_DATA_FORMAT              ; Vhdl                                   ; --                   ; --          ; eda_simulation                    ;
; EDA_SIMULATION_TOOL                 ; ModelSim (VHDL)                        ; <None>               ; --          ; --                                ;
; EDA_TIME_SCALE                      ; 1 ps                                   ; --                   ; --          ; eda_simulation                    ;
; MISC_FILE                           ; ../src/memory/ram.cmp                  ; --                   ; --          ; --                                ;
; PARTITION_COLOR                     ; -- (Not supported for targeted family) ; --                   ; datapath    ; Top                               ;
; PARTITION_FITTER_PRESERVATION_LEVEL ; -- (Not supported for targeted family) ; --                   ; datapath    ; Top                               ;
; PARTITION_NETLIST_TYPE              ; -- (Not supported for targeted family) ; --                   ; datapath    ; Top                               ;
; PROJECT_OUTPUT_DIRECTORY            ; output_files                           ; --                   ; --          ; --                                ;
; TOP_LEVEL_ENTITY                    ; datapath                               ; MIPS-Project-Quartus ; --          ; --                                ;
+-------------------------------------+----------------------------------------+----------------------+-------------+-----------------------------------+


+--------------------------------------------------------------------------------------------------------------------------+
; Flow Elapsed Time                                                                                                        ;
+----------------------+--------------+-------------------------+---------------------+------------------------------------+
; Module Name          ; Elapsed Time ; Average Processors Used ; Peak Virtual Memory ; Total CPU Time (on all processors) ;
+----------------------+--------------+-------------------------+---------------------+------------------------------------+
; Analysis & Synthesis ; 00:00:07     ; 1.0                     ; 4871 MB             ; 00:00:06                           ;
; Fitter               ; 00:00:16     ; 1.5                     ; 6279 MB             ; 00:00:15                           ;
; Assembler            ; 00:00:02     ; 1.0                     ; 4703 MB             ; 00:00:01                           ;
; Timing Analyzer      ; 00:00:01     ; 3.2                     ; 4957 MB             ; 00:00:04                           ;
; EDA Netlist Writer   ; 00:00:01     ; 1.0                     ; 4672 MB             ; 00:00:00                           ;
; Total                ; 00:00:27     ; --                      ; --                  ; 00:00:26                           ;
+----------------------+--------------+-------------------------+---------------------+------------------------------------+


+------------------------------------------------------------------------------------+
; Flow OS Summary                                                                    ;
+----------------------+------------------+------------+------------+----------------+
; Module Name          ; Machine Hostname ; OS Name    ; OS Version ; Processor type ;
+----------------------+------------------+------------+------------+----------------+
; Analysis & Synthesis ; SHEN-H1          ; Windows 10 ; 10.0       ; x86_64         ;
; Fitter               ; SHEN-H1          ; Windows 10 ; 10.0       ; x86_64         ;
; Assembler            ; SHEN-H1          ; Windows 10 ; 10.0       ; x86_64         ;
; Timing Analyzer      ; SHEN-H1          ; Windows 10 ; 10.0       ; x86_64         ;
; EDA Netlist Writer   ; SHEN-H1          ; Windows 10 ; 10.0       ; x86_64         ;
+----------------------+------------------+------------+------------+----------------+


------------
; Flow Log ;
------------
quartus_map --read_settings_files=on --write_settings_files=off MIPS-Project-Quartus -c MIPS-Project-Quartus
quartus_fit --read_settings_files=off --write_settings_files=off MIPS-Project-Quartus -c MIPS-Project-Quartus
quartus_asm --read_settings_files=off --write_settings_files=off MIPS-Project-Quartus -c MIPS-Project-Quartus
quartus_sta MIPS-Project-Quartus -c MIPS-Project-Quartus
quartus_eda --read_settings_files=off --write_settings_files=off MIPS-Project-Quartus -c MIPS-Project-Quartus



